// Jest Snapshot v1, https://goo.gl/fbAQLP

exports[`Common.jsxのテスト スナップショット 正しいレンダリング 1`] = `
<div>
  <div
    className="textArea"
  >
    <div
      className="main"
    >
      テキスト
    </div>
    <div
      className="date"
    >
      1970/01/01 00:00:00
    </div>
    <div
      className="sub"
    >
      サブテキスト
    </div>
  </div>
  <div
    className="singleButton"
  >
    <button
      className="default"
      onClick={[Function]}
    >
      ボタン
    </button>
  </div>
</div>
`;
