// Jest Snapshot v1, https://goo.gl/fbAQLP

exports[`RegistrationIn.jsxのテスト スナッップショット 正しいレンダリング 1`] = `
<div
  className="main"
>
  <div
    className="content registrationIn"
  >
    登録中
  </div>
</div>
`;
